Last login: Sun Mar  8 15:06:32 on ttys017
director_113mvideo.ru@MacBook-Air-Dustolbek Kiki % ipconfig getifaddr en0
172.20.10.4
director_113mvideo.ru@MacBook-Air-Dustolbek Kiki % cd ~/Desktop/Kiki
cd: no such file or directory: /Users/director_113mvideo.ru/Desktop/Kiki
director_113mvideo.ru@MacBook-Air-Dustolbek Kiki % 1s
zsh: command not found: 1s
director_113mvideo.ru@MacBook-Air-Dustolbek Kiki % cd ~/Desktop'Kiki/Облако    
quote> ls
quote> 
director_113mvideo.ru@MacBook-Air-Dustolbek Kiki % cd ~/Desktop/Kiki/Облако
cd: no such file or directory: /Users/director_113mvideo.ru/Desktop/Kiki/Облако
director_113mvideo.ru@MacBook-Air-Dustolbek Kiki % ls
__pycache__			venv
api.py				архив
Kiki				инструкция.txt
Kiki.xcodeproj			Облако
requirements.txt		Рисунок
signal_engine.py
director_113mvideo.ru@MacBook-Air-Dustolbek Kiki % cd Облако
director_113mvideo.ru@MacBook-Air-Dustolbek Облако % ls
DEPLOY_RENDER.md	render.yaml		requirements_render.txt
director_113mvideo.ru@MacBook-Air-Dustolbek Облако % git init
Initialized empty Git repository in /Users/director_113mvideo.ru/Kiki/Облако/.git/
director_113mvideo.ru@MacBook-Air-Dustolbek Облако % git add .
director_113mvideo.ru@MacBook-Air-Dustolbek Облако % git commit -m "deploy api"
[main (root-commit) 2fcd92e] deploy api
 Committer: Dustolbek <director_113mvideo.ru@MacBook-Air-Dustolbek.local>
Your name and email address were configured automatically based
on your username and hostname. Please check that they are accurate.
You can suppress this message by setting them explicitly:

    git config --global user.name "Your Name"
    git config --global user.email you@example.com

After doing this, you may fix the identity used for this commit with:

    git commit --amend --reset-author

 3 files changed, 108 insertions(+)
 create mode 100644 DEPLOY_RENDER.md
 create mode 100644 render.yaml
 create mode 100644 requirements_render.txt
director_113mvideo.ru@MacBook-Air-Dustolbek Облако % git branch -M main
director_113mvideo.ru@MacBook-Air-Dustolbek Облако % git remote add origin https://github.com/dustolbekkhasanov9-cloud/auto-signals-api.git
director_113mvideo.ru@MacBook-Air-Dustolbek Облако % git push -u origin main
Username for 'https://github.com': dustolbekkhasanov9-cloud
Password for 'https://dustolbekkhasanov9-cloud@github.com': 
remote: Invalid username or token. Password authentication is not supported for Git operations.
fatal: Authentication failed for 'https://github.com/dustolbekkhasanov9-cloud/auto-signals-api.git/'
director_113mvideo.ru@MacBook-Air-Dustolbek Облако % git push -u origin main
Username for 'https://github.com': dustolbekkhasanov9-cloud
Password for 'https://dustolbekkhasanov9-cloud@github.com': 
Enumerating objects: 5, done.
Counting objects: 100% (5/5), done.
Delta compression using up to 8 threads
Compressing objects: 100% (5/5), done.
Writing objects: 100% (5/5), 1.76 KiB | 1.76 MiB/s, done.
Total 5 (delta 0), reused 0 (delta 0), pack-reused 0 (from 0)
To https://github.com/dustolbekkhasanov9-cloud/auto-signals-api.git
 * [new branch]      main -> main
branch 'main' set up to track 'origin/main'.
director_113mvideo.ru@MacBook-Air-Dustolbek Облако % git add .
git commit -m "add api files"
git push
[main 4f9c32b] add api files
 Committer: Dustolbek <director_113mvideo.ru@MacBook-Air-Dustolbek.local>
Your name and email address were configured automatically based
on your username and hostname. Please check that they are accurate.
You can suppress this message by setting them explicitly:

    git config --global user.name "Your Name"
    git config --global user.email you@example.com

After doing this, you may fix the identity used for this commit with:

    git commit --amend --reset-author

 1 file changed, 3 insertions(+)
Enumerating objects: 5, done.
Counting objects: 100% (5/5), done.
Delta compression using up to 8 threads
Compressing objects: 100% (3/3), done.
Writing objects: 100% (3/3), 370 bytes | 370.00 KiB/s, done.
Total 3 (delta 2), reused 0 (delta 0), pack-reused 0 (from 0)
remote: Resolving deltas: 100% (2/2), completed with 2 local objects.
remote: error: GH013: Repository rule violations found for refs/heads/main.
remote: 
remote: - GITHUB PUSH PROTECTION
remote:   —————————————————————————————————————————
remote:     Resolve the following violations before pushing again
remote: 
remote:     - Push cannot contain secrets
remote: 
remote:     
remote:      (?) Learn how to resolve a blocked push
remote:      https://docs.github.com/code-security/secret-scanning/working-with-secret-scanning-and-push-protection/working-with-push-protection-from-the-command-line#resolving-a-blocked-push
remote:     
remote:     
remote:       —— GitHub Personal Access Token ——————————————————————
remote:        locations:
remote:          - commit: 4f9c32bcafe31728aec5f73db27f7e05dcd85dee
remote:            path: DEPLOY_RENDER.md:36
remote:     
remote:        (?) To push, remove secret from commit(s) or follow this URL to allow the secret.
remote:        https://github.com/dustolbekkhasanov9-cloud/auto-signals-api/security/secret-scanning/unblock-secret/3AeypLmk1EgT61epTAPc6YjvWr7
remote:     
remote: 
remote: 
To https://github.com/dustolbekkhasanov9-cloud/auto-signals-api.git
 ! [remote rejected] main -> main (push declined due to repository rule violations)
error: failed to push some refs to 'https://github.com/dustolbekkhasanov9-cloud/auto-signals-api.git'
director_113mvideo.ru@MacBook-Air-Dustolbek Облако % git add DEPLOY_RENDER.md
git commit -m "remove token from docs"
git push
[main 196f68f] remove token from docs
 Committer: Dustolbek <director_113mvideo.ru@MacBook-Air-Dustolbek.local>
Your name and email address were configured automatically based
on your username and hostname. Please check that they are accurate.
You can suppress this message by setting them explicitly:

    git config --global user.name "Your Name"
    git config --global user.email you@example.com

After doing this, you may fix the identity used for this commit with:

    git commit --amend --reset-author

 1 file changed, 1 deletion(-)
Enumerating objects: 8, done.
Counting objects: 100% (8/8), done.
Delta compression using up to 8 threads
Compressing objects: 100% (6/6), done.
Writing objects: 100% (6/6), 650 bytes | 650.00 KiB/s, done.
Total 6 (delta 4), reused 0 (delta 0), pack-reused 0 (from 0)
remote: Resolving deltas: 100% (4/4), completed with 2 local objects.
remote: error: GH013: Repository rule violations found for refs/heads/main.
remote: 
remote: - GITHUB PUSH PROTECTION
remote:   —————————————————————————————————————————
remote:     Resolve the following violations before pushing again
remote: 
remote:     - Push cannot contain secrets
remote: 
remote:     
remote:      (?) Learn how to resolve a blocked push
remote:      https://docs.github.com/code-security/secret-scanning/working-with-secret-scanning-and-push-protection/working-with-push-protection-from-the-command-line#resolving-a-blocked-push
remote:     
remote:     
remote:       —— GitHub Personal Access Token ——————————————————————
remote:        locations:
remote:          - commit: 4f9c32bcafe31728aec5f73db27f7e05dcd85dee
remote:            path: DEPLOY_RENDER.md:36
remote:     
remote:        (?) To push, remove secret from commit(s) or follow this URL to allow the secret.
remote:        https://github.com/dustolbekkhasanov9-cloud/auto-signals-api/security/secret-scanning/unblock-secret/3AeypLmk1EgT61epTAPc6YjvWr7
remote:     
remote: 
remote: 
To https://github.com/dustolbekkhasanov9-cloud/auto-signals-api.git
 ! [remote rejected] main -> main (push declined due to repository rule violations)
error: failed to push some refs to 'https://github.com/dustolbekkhasanov9-cloud/auto-signals-api.git'
director_113mvideo.ru@MacBook-Air-Dustolbek Облако % git reset --soft HEAD~2
git restore --staged .
git add .
git commit -m "clean deploy files"
git push --force-with-lease
[main 42818a9] clean deploy files
 Committer: Dustolbek <director_113mvideo.ru@MacBook-Air-Dustolbek.local>
Your name and email address were configured automatically based
on your username and hostname. Please check that they are accurate.
You can suppress this message by setting them explicitly:

    git config --global user.name "Your Name"
    git config --global user.email you@example.com

After doing this, you may fix the identity used for this commit with:

    git commit --amend --reset-author

 1 file changed, 2 insertions(+)
Enumerating objects: 5, done.
Counting objects: 100% (5/5), done.
Delta compression using up to 8 threads
Compressing objects: 100% (3/3), done.
Writing objects: 100% (3/3), 313 bytes | 313.00 KiB/s, done.
Total 3 (delta 2), reused 0 (delta 0), pack-reused 0 (from 0)
remote: Resolving deltas: 100% (2/2), completed with 2 local objects.
To https://github.com/dustolbekkhasanov9-cloud/auto-signals-api.git
   2fcd92e..42818a9  main -> main
director_113mvideo.ru@MacBook-Air-Dustolbek Облако % git log --oneline -5
42818a9 (HEAD -> main, origin/main) clean deploy files
2fcd92e deploy api
director_113mvideo.ru@MacBook-Air-Dustolbek Облако % git add .
git commit -m "add api files"
git push
[main 4f27e40] add api files
 Committer: Dustolbek <director_113mvideo.ru@MacBook-Air-Dustolbek.local>
Your name and email address were configured automatically based
on your username and hostname. Please check that they are accurate.
You can suppress this message by setting them explicitly:

    git config --global user.name "Your Name"
    git config --global user.email you@example.com

After doing this, you may fix the identity used for this commit with:

    git commit --amend --reset-author

 3 files changed, 264 insertions(+)
 create mode 100644 api.py
 create mode 100644 requirements.txt
 create mode 100644 signal_engine.py
Enumerating objects: 6, done.
Counting objects: 100% (6/6), done.
Delta compression using up to 8 threads
Compressing objects: 100% (5/5), done.
Writing objects: 100% (5/5), 3.02 KiB | 3.02 MiB/s, done.
Total 5 (delta 0), reused 0 (delta 0), pack-reused 0 (from 0)
To https://github.com/dustolbekkhasanov9-cloud/auto-signals-api.git
   42818a9..4f27e40  main -> main
director_113mvideo.ru@MacBook-Air-Dustolbek Облако % ls
api.py			render.yaml		requirements.txt
DEPLOY_RENDER.md	requirements_render.txt	signal_engine.py
director_113mvideo.ru@MacBook-Air-Dustolbek Облако % git add api.py
git commit -m "add background cache refresh"
git push
[main 944a8f6] add background cache refresh
 Committer: Dustolbek <director_113mvideo.ru@MacBook-Air-Dustolbek.local>
Your name and email address were configured automatically based
on your username and hostname. Please check that they are accurate.
You can suppress this message by setting them explicitly:

    git config --global user.name "Your Name"
    git config --global user.email you@example.com

After doing this, you may fix the identity used for this commit with:

    git commit --amend --reset-author

 1 file changed, 159 insertions(+), 5 deletions(-)
Enumerating objects: 5, done.
Counting objects: 100% (5/5), done.
Delta compression using up to 8 threads
Compressing objects: 100% (3/3), done.
Writing objects: 100% (3/3), 2.05 KiB | 2.05 MiB/s, done.
Total 3 (delta 1), reused 0 (delta 0), pack-reused 0 (from 0)
remote: Resolving deltas: 100% (1/1), completed with 1 local object.
To https://github.com/dustolbekkhasanov9-cloud/auto-signals-api.git
   4f27e40..944a8f6  main -> main
director_113mvideo.ru@MacBook-Air-Dustolbek Облако % git add signal_engine.py
git commit -m "add iso times for local device timezone"
git push
[main 70ecc76] add iso times for local device timezone
 Committer: Dustolbek <director_113mvideo.ru@MacBook-Air-Dustolbek.local>
Your name and email address were configured automatically based
on your username and hostname. Please check that they are accurate.
You can suppress this message by setting them explicitly:

    git config --global user.name "Your Name"
    git config --global user.email you@example.com

After doing this, you may fix the identity used for this commit with:

    git commit --amend --reset-author

 1 file changed, 19 insertions(+), 10 deletions(-)
Enumerating objects: 5, done.
Counting objects: 100% (5/5), done.
Delta compression using up to 8 threads
Compressing objects: 100% (3/3), done.
Writing objects: 100% (3/3), 582 bytes | 582.00 KiB/s, done.
Total 3 (delta 2), reused 0 (delta 0), pack-reused 0 (from 0)
remote: Resolving deltas: 100% (2/2), completed with 2 local objects.
To https://github.com/dustolbekkhasanov9-cloud/auto-signals-api.git
   944a8f6..70ecc76  main -> main
director_113mvideo.ru@MacBook-Air-Dustolbek Облако % git add signal_engine.py
git commit -m "fix iso signal times"
git push
[main 5933101] fix iso signal times
 Committer: Dustolbek <director_113mvideo.ru@MacBook-Air-Dustolbek.local>
Your name and email address were configured automatically based
on your username and hostname. Please check that they are accurate.
You can suppress this message by setting them explicitly:

    git config --global user.name "Your Name"
    git config --global user.email you@example.com

After doing this, you may fix the identity used for this commit with:

    git commit --amend --reset-author

 1 file changed, 14 insertions(+), 4 deletions(-)
Enumerating objects: 5, done.
Counting objects: 100% (5/5), done.
Delta compression using up to 8 threads
Compressing objects: 100% (3/3), done.
Writing objects: 100% (3/3), 550 bytes | 550.00 KiB/s, done.
Total 3 (delta 2), reused 0 (delta 0), pack-reused 0 (from 0)
remote: Resolving deltas: 100% (2/2), completed with 2 local objects.
To https://github.com/dustolbekkhasanov9-cloud/auto-signals-api.git
   70ecc76..5933101  main -> main
director_113mvideo.ru@MacBook-Air-Dustolbek Облако % git add signal_engine.py
git commit -m "fix iso signal times"
git push
On branch main
Your branch is up to date with 'origin/main'.

nothing to commit, working tree clean
Everything up-to-date
director_113mvideo.ru@MacBook-Air-Dustolbek Облако % 